// Jest Snapshot v1, https://goo.gl/fbAQLP

exports[`Logo test logo snapshot 1`] = `
<DocumentFragment>
  <div
    class="undefined"
  >
    <b>
      netflix
    </b>
    roulette
  </div>
</DocumentFragment>
`;
