// Jest Snapshot v1, https://goo.gl/fbAQLP

exports[`>>>R E D U C E R --- Test movieReducer +++ reducer with shapshot 1`] = `
Object {
  "error": "",
  "films": Array [],
  "loading": false,
  "movie": Object {
    "budget": "",
    "genres": Array [],
    "id": "",
    "overview": "",
    "poster_path": "",
    "release_date": "",
    "revenue": "",
    "runtime": "",
    "tagline": "",
    "title": "",
    "vote_average": "",
    "vote_count": "",
  },
  "movieId": "",
}
`;
