// Jest Snapshot v1, https://goo.gl/fbAQLP

exports[`MovieList test MovieList snapshot 1`] = `
<DocumentFragment>
  <div
    class="movie-list"
  >
    <article
      class="filmCard movie-card"
    >
      <div
        class="hamburger_menu"
      >
        <input
          class="menu__toggle"
          id="menu__toggle337167"
          type="checkbox"
        />
        <label
          class="menu__btn"
          for="menu__toggle337167"
        >
          <span />
        </label>
        <ul
          class="menu__box"
        >
          <li>
            <div
              class="menu__item"
              href="#"
              id="edit-button"
            >
              Edit
            </div>
          </li>
          <li>
            <div
              class="menu__item"
              href="#"
              id="delete-button"
            >
              Delete
            </div>
          </li>
        </ul>
      </div>
      <img
        alt="..."
        class="card_img_top"
        src="https://image.tmdb.org/t/p/w500/3kcEGnYBHDeqmdYf8ZRbKdfmlUy.jpg"
      />
      <div
        class="card_body"
      >
        <span
          class="filmTitle movie-card-title"
        >
          Fifty Shades Freed
        </span>
        <span
          class="filmYear"
        >
          2018-02-07
        </span>
        <p
          class="card-text"
        >
          Drama, Romance
        </p>
      </div>
    </article>
    <article
      class="filmCard movie-card"
    >
      <div
        class="hamburger_menu"
      >
        <input
          class="menu__toggle"
          id="menu__toggle338970"
          type="checkbox"
        />
        <label
          class="menu__btn"
          for="menu__toggle338970"
        >
          <span />
        </label>
        <ul
          class="menu__box"
        >
          <li>
            <div
              class="menu__item"
              href="#"
              id="edit-button"
            >
              Edit
            </div>
          </li>
          <li>
            <div
              class="menu__item"
              href="#"
              id="delete-button"
            >
              Delete
            </div>
          </li>
        </ul>
      </div>
      <img
        alt="..."
        class="card_img_top"
        src="https://image.tmdb.org/t/p/w500/ePyN2nX9t8SOl70eRW47Q29zUFO.jpg"
      />
      <div
        class="card_body"
      >
        <span
          class="filmTitle movie-card-title"
        >
          Tomb Raider
        </span>
        <span
          class="filmYear"
        >
          2018-03-08
        </span>
        <p
          class="card-text"
        >
          Action, Adventure
        </p>
      </div>
    </article>
    <article
      class="filmCard movie-card"
    >
      <div
        class="hamburger_menu"
      >
        <input
          class="menu__toggle"
          id="menu__toggle181808"
          type="checkbox"
        />
        <label
          class="menu__btn"
          for="menu__toggle181808"
        >
          <span />
        </label>
        <ul
          class="menu__box"
        >
          <li>
            <div
              class="menu__item"
              href="#"
              id="edit-button"
            >
              Edit
            </div>
          </li>
          <li>
            <div
              class="menu__item"
              href="#"
              id="delete-button"
            >
              Delete
            </div>
          </li>
        </ul>
      </div>
      <img
        alt="..."
        class="card_img_top"
        src="https://image.tmdb.org/t/p/w500/kOVEVeg59E0wsnXmF9nrh6OmWII.jpg"
      />
      <div
        class="card_body"
      >
        <span
          class="filmTitle movie-card-title"
        >
          Star Wars: The Last Jedi
        </span>
        <span
          class="filmYear"
        >
          2017-12-13
        </span>
        <p
          class="card-text"
        >
          Fantasy, Adventure, Science Fiction
        </p>
      </div>
    </article>
    <article
      class="filmCard movie-card"
    >
      <div
        class="hamburger_menu"
      >
        <input
          class="menu__toggle"
          id="menu__toggle284054"
          type="checkbox"
        />
        <label
          class="menu__btn"
          for="menu__toggle284054"
        >
          <span />
        </label>
        <ul
          class="menu__box"
        >
          <li>
            <div
              class="menu__item"
              href="#"
              id="edit-button"
            >
              Edit
            </div>
          </li>
          <li>
            <div
              class="menu__item"
              href="#"
              id="delete-button"
            >
              Delete
            </div>
          </li>
        </ul>
      </div>
      <img
        alt="..."
        class="card_img_top"
        src="https://image.tmdb.org/t/p/w500/uxzzxijgPIY7slzFvMotPv8wjKA.jpg"
      />
      <div
        class="card_body"
      >
        <span
          class="filmTitle movie-card-title"
        >
          Black Panther
        </span>
        <span
          class="filmYear"
        >
          2018-02-13
        </span>
        <p
          class="card-text"
        >
          Action, Adventure, Fantasy, Science Fiction
        </p>
      </div>
    </article>
  </div>
</DocumentFragment>
`;
