// Jest Snapshot v1, https://goo.gl/fbAQLP

exports[`Header test Header snapshot 1`] = `
<DocumentFragment>
  <header
    class="header"
  />
</DocumentFragment>
`;
