// Jest Snapshot v1, https://goo.gl/fbAQLP

exports[`Container test Container snapshot 1`] = `
<DocumentFragment>
  <div
    class="header-container"
  />
</DocumentFragment>
`;
