// Jest Snapshot v1, https://goo.gl/fbAQLP

exports[`Main test Main snapshot 1`] = `
<DocumentFragment>
  <main
    class="main"
  />
</DocumentFragment>
`;
