// Jest Snapshot v1, https://goo.gl/fbAQLP

exports[`Nav test Nav snapshot 1`] = `
<DocumentFragment>
  <nav
    class="nav"
  />
</DocumentFragment>
`;
