// Jest Snapshot v1, https://goo.gl/fbAQLP

exports[`Footer test Footer snapshot 1`] = `
<DocumentFragment>
  <div
    class="footer"
  />
</DocumentFragment>
`;
