// Jest Snapshot v1, https://goo.gl/fbAQLP

exports[`Current render 1`] = `
<body>
  <div>
    <article
      class="filmCard movie-card"
    >
      <div
        class="hamburger_menu"
      >
        <input
          class="menu__toggle"
          id="menu__toggle337167"
          type="checkbox"
        />
        <label
          class="menu__btn"
          for="menu__toggle337167"
        >
          <span />
        </label>
        <ul
          class="menu__box"
        >
          <li>
            <div
              class="menu__item"
              href="#"
              id="edit-button"
            >
              Edit
            </div>
          </li>
          <li>
            <div
              class="menu__item"
              href="#"
              id="delete-button"
            >
              Delete
            </div>
          </li>
        </ul>
      </div>
      <img
        alt="..."
        class="card_img_top"
      />
      <div
        class="card_body"
      >
        <span
          class="filmTitle movie-card-title"
        >
          Fifty Shades Freed
        </span>
        <span
          class="filmYear"
        />
        <p
          class="card-text"
        >
          Drama, Romance
        </p>
      </div>
    </article>
  </div>
</body>
`;
